(---------------------------------------------------------------------)
(                                                                     )
(    Allegro Netrev Import Logic                                      )
(                                                                     )
(    Drawing          : laser_driver2.brd                             )
(    Software Version : 16.6-2015S058                                 )
(    Date/Time        : Wed Jul 13 13:55:43 2016                      )
(                                                                     )
(---------------------------------------------------------------------)


------ Directives ------------

Ripup etch:                  No
Ripup delete first segment:  No
Ripup retain bondwire:       No
Ripup symbols:               Always
Missing symbol has error:    No
DRC update:                  Yes
Schematic directory:         'D:/mywork/ImmunofluorescenceApparatus/laser/hardware/laser_driver/OrCAD/allegro'
Design Directory:            '.'
Old design name:             'D:/mywork/ImmunofluorescenceApparatus/laser/hardware/laser_driver/OrCAD/laser_driver2.brd'
New design name:             'D:/mywork/ImmunofluorescenceApparatus/laser/hardware/laser_driver/OrCAD/laser_driver2.brd'

CmdLine: netrev -$ -i D:/mywork/ImmunofluorescenceApparatus/laser/hardware/laser_driver/OrCAD/allegro -y 1 -q netrev_constraint_report.xml D:/mywork/ImmunofluorescenceApparatus/laser/hardware/laser_driver/OrCAD/#Taaaaaj06264.tmp

------ Preparing to read pst files ------

Starting to read D:/mywork/ImmunofluorescenceApparatus/laser/hardware/laser_driver/OrCAD/allegro/pstchip.dat 
   Finished reading D:/mywork/ImmunofluorescenceApparatus/laser/hardware/laser_driver/OrCAD/allegro/pstchip.dat (00:00:00.06)
Starting to read D:/mywork/ImmunofluorescenceApparatus/laser/hardware/laser_driver/OrCAD/allegro/pstxprt.dat 
   Finished reading D:/mywork/ImmunofluorescenceApparatus/laser/hardware/laser_driver/OrCAD/allegro/pstxprt.dat (00:00:00.00)
Starting to read D:/mywork/ImmunofluorescenceApparatus/laser/hardware/laser_driver/OrCAD/allegro/pstxnet.dat 
   Finished reading D:/mywork/ImmunofluorescenceApparatus/laser/hardware/laser_driver/OrCAD/allegro/pstxnet.dat (00:00:00.00)

------ Oversights/Warnings/Errors ------


------ Library Paths ------
MODULEPATH =  . 
           D:/Cadence/SPB_16.6/share/local/pcb/modules 

PSMPATH =  . 
           symbols 
           .. 
           ../symbols 
           D:/Cadence/SPB_16.6/share/local/pcb/symbols 
           D:/Cadence/SPB_16.6/share/pcb/pcb_lib/symbols 
           D:/Cadence/SPB_16.6/share/pcb/allegrolib/symbols 
           D:/mywork/ImmunofluorescenceApparatus/laser/hardware/laser_driver/OrCAD/pcblib/ 
           C:/Users/SUN/Downloads/SAMA5D36-EK__KitsFiles/ATSAMA5D3x-MB__KitsFiles/ATSAMA5D3x-MB_PCBA_E/ 

PADPATH =  . 
           symbols 
           .. 
           ../symbols 
           D:/Cadence/SPB_16.6/share/local/pcb/padstacks 
           D:/Cadence/SPB_16.6/share/pcb/pcb_lib/symbols 
           D:/Cadence/SPB_16.6/share/pcb/allegrolib/symbols 
           D:/mywork/ImmunofluorescenceApparatus/laser/hardware/laser_driver/OrCAD/pcblib/ 
           C:/Users/SUN/Downloads/SAMA5D36-EK__KitsFiles/ATSAMA5D3x-MB__KitsFiles/ATSAMA5D3x-MB_PCBA_E/ 


------ Summary Statistics ------


netrev run on Jul 13 13:55:43 2016
   DESIGN NAME : 'LASERDRIVER'
   PACKAGING ON Aug  3 2015 18:16:55

   COMPILE 'logic'
   CHECK_PIN_NAMES OFF
   CROSS_REFERENCE OFF
   FEEDBACK OFF
   INCREMENTAL OFF
   INTERFACE_TYPE PHYSICAL
   MAX_ERRORS 500
   MERGE_MINIMUM 5
   NET_NAME_CHARS '#%&()*+-./:=>?@[]^_`|'
   NET_NAME_LENGTH 24
   OVERSIGHTS ON
   REPLACE_CHECK OFF
   SINGLE_NODE_NETS ON
   SPLIT_MINIMUM 0
   SUPPRESS   20
   WARNINGS ON

 No error detected
 No oversight detected
 No warning detected

cpu time      0:00:45
elapsed time  0:00:00

