<html>
<body>
<pre>
<h1>µVision Build Log</h1>
<h2>Tool Versions:</h2>
IDE-Version: ¦ÌVision V5.14.0.0
Copyright (C) 2015 ARM Ltd and ARM Germany GmbH. All rights reserved.
License Information: S S, S, LIC=HN0WF-6Q7CR-PZ1WB-22MUL-FL821-38CPB
 
Tool Versions:
Toolchain:       MDK-ARM Standard  Version: 5.14.0.0
Toolchain Path:  D:\Keil_v5\ARM\ARMCC\Bin
C Compiler:      Armcc.exe V5.05 update 1 (build 106)
Assembler:       Armasm.exe V5.05 update 1 (build 106)
Linker/Locator:  ArmLink.exe V5.05 update 1 (build 106)
Library Manager: ArmAr.exe V5.05 update 1 (build 106)
Hex Converter:   FromElf.exe V5.05 update 1 (build 106)
CPU DLL:         SARMCM3.DLL V5.14.0.0
Dialog DLL:      DARMCM1.DLL V1.12.0.0
Target DLL:      Segger\JL2CM3.dll V2.99.13.0
Dialog DLL:      TARMCM1.DLL V1.9.0.0
 
<h2>Project:</h2>
D:\mywork\LaserDriver\src\LaserDriver\MDK-ARM\LaserDriver.uvprojx
Project File Date:  08/30/2016

<h2>Output:</h2>
Rebuild target 'LaserDriver'
compiling system_stm32f0xx.c...
assembling startup_stm32f030x6.s...
compiling stm32f0xx_hal_msp.c...
compiling stm32f0xx_it.c...
compiling main.c...
compiling eeprom.c...
compiling laser_ctl.c...
compiling Queue.c...
compiling stm32f0xx_hal_tim_ex.c...
compiling stm32f0xx_hal_i2c_ex.c...
compiling stm32f0xx_hal_adc_ex.c...
compiling stm32f0xx_hal_cortex.c...
compiling stm32f0xx_hal_dma.c...
compiling stm32f0xx_hal_pwr.c...
compiling stm32f0xx_hal_tim.c...
compiling stm32f0xx_hal_uart.c...
compiling stm32f0xx_hal_rcc_ex.c...
compiling stm32f0xx_hal_i2c.c...
compiling stm32f0xx_hal_pwr_ex.c...
compiling stm32f0xx_hal_flash.c...
compiling stm32f0xx_hal_rcc.c...
compiling stm32f0xx_hal_uart_ex.c...
compiling stm32f0xx_hal_adc.c...
compiling stm32f0xx_hal_flash_ex.c...
compiling stm32f0xx_hal.c...
compiling stm32f0xx_hal_gpio.c...
compiling stm32f0xx_hal_iwdg.c...
linking...
Program Size: Code=10628 RO-data=232 RW-data=108 ZI-data=1604  
"LaserDriver\LaserDriver.axf" - 0 Error(s), 0 Warning(s).

<h2>Software Packages used:</h2>

Package Vendor: ARM
                http://www.keil.com/pack/ARM.CMSIS.4.5.0.pack
                ARM::CMSIS:CORE:4.3.0
                CMSIS (Cortex Microcontroller Software Interface Standard)
   * Component: CORE Version: 4.3.0

<h2>Collection of Component include folders:</h2>
  D:\mywork\LaserDriver\src\LaserDriver\MDK-ARM\RTE
  D:\Keil_v5\ARM\PACK\ARM\CMSIS\4.5.0\CMSIS\Include
  D:\Keil_v5\ARM\PACK\Keil\STM32F0xx_DFP\1.4.0\Device\Include

<h2>Collection of Component Files used:</h2>

   * Component: ARM::CMSIS:CORE:4.3.0
</pre>
</body>
</html>
